[2026-07-18 11:49:26] [INFO]: Created new Hub client via Dashboard Admin API {"client_id":"1","name":"Demo Acct"}
[2026-07-18 13:28:37] [INFO]: Created new Hub client via Dashboard Admin API {"client_id":"2","name":"patel"}
[2026-07-18 13:29:37] [INFO]: Updated client profile details in Hub {"client_id":2}
[2026-07-18 13:30:57] [INFO]: Created new Hub client via Dashboard Admin API {"client_id":"3","name":"Riddh Patel"}
[2026-07-18 13:52:49] [ERROR]: Facebook OAuth transaction failed {"exception":"SQLSTATE[HY093]: Invalid parameter number"}
[2026-07-18 13:56:24] [ERROR]: Facebook OAuth transaction failed {"exception":"SQLSTATE[HY093]: Invalid parameter number"}
[2026-07-18 13:59:16] [INFO]: Facebook Page connections successful {"client_id":1,"pages_count":1}
[2026-07-18 14:00:01] [ERROR]: B2 authentication HTTP failure: Code 401
[2026-07-18 14:00:01] [ERROR]: API upload failure {"exception":"B2 upload failed via StorageService."}
[2026-07-18 14:02:37] [INFO]: Local file uploaded successfully: clients/1/1784376157_1784376157_web (1).png {"client_id":1,"size":19766}
[2026-07-18 14:02:38] [ERROR]: Publish failed on facebook {"message":"Facebook Graph API Exception (Code: 324): Missing or invalid image file"}
[2026-07-18 14:02:49] [INFO]: Local file uploaded successfully: clients/1/1784376169_1784376169_web (1).png {"client_id":1,"size":19766}
[2026-07-18 14:02:50] [ERROR]: Publish failed on facebook {"message":"Facebook Graph API Exception (Code: 324): Missing or invalid image file"}
[2026-07-18 14:05:42] [INFO]: Local file uploaded successfully: clients/1/1784376342_1784376342_phone-call (2).png {"client_id":1,"size":7638}
[2026-07-18 14:06:51] [INFO]: Local file uploaded successfully: clients/1/1784376411_1784376411_web (1).png {"client_id":1,"size":19766}
[2026-07-18 14:06:57] [ERROR]: Publish failed on facebook {"message":"Facebook Graph API Exception (Code: 324): Missing or invalid image file"}
[2026-07-18 14:09:05] [INFO]: Local file uploaded successfully: clients/1/1784376545_1784376545_web (1).png {"client_id":1,"size":19766}
[2026-07-18 14:09:28] [ERROR]: Publish failed on facebook {"message":"Facebook Graph API Exception (Code: 324): Missing or invalid image file"}
[2026-07-18 14:09:42] [ERROR]: Inbox aggregation request failure {"error":"Comments fetch requires a valid published post_id."}
[2026-07-18 14:13:43] [INFO]: Local file uploaded successfully: clients/1/1784376823_1784376823_web (1).png {"client_id":1,"size":19766}
[2026-07-18 14:13:44] [ERROR]: Publish failed on facebook {"message":"Facebook Graph API Exception (Code: 324): Missing or invalid image file"}
[2026-07-18 14:23:06] [INFO]: Local file uploaded successfully: clients/1/1784377386_1784377386_web (1).png {"client_id":1,"size":19766}
[2026-07-18 14:23:07] [ERROR]: Publish failed on facebook {"message":"Facebook Graph API Exception (Code: 324): Missing or invalid image file"}
[2026-07-18 14:33:23] [INFO]: Local file uploaded successfully: clients/1/1784378003_1784378003_gps.png {"client_id":1,"size":15695}
[2026-07-18 14:34:40] [ERROR]: Analytics request failure {"error":"Facebook Graph API Exception (Code: 100): (#100) The value must be a valid insights metric"}
[2026-07-18 14:34:40] [ERROR]: Analytics request failure {"error":"Facebook Graph API Exception (Code: 100): (#100) The value must be a valid insights metric"}
[2026-07-18 14:34:41] [ERROR]: Analytics request failure {"error":"Facebook Graph API Exception (Code: 100): (#100) The value must be a valid insights metric"}
[2026-07-18 14:35:00] [ERROR]: Analytics request failure {"error":"Facebook Graph API Exception (Code: 100): (#100) The value must be a valid insights metric"}
[2026-07-18 14:35:01] [ERROR]: Analytics request failure {"error":"Facebook Graph API Exception (Code: 100): (#100) The value must be a valid insights metric"}
[2026-07-18 14:35:01] [ERROR]: Analytics request failure {"error":"Facebook Graph API Exception (Code: 100): (#100) The value must be a valid insights metric"}
[2026-07-18 14:35:40] [INFO]: Local file uploaded successfully: clients/1/1784378140_1784378140_ambedkar-jayanti.jpg {"client_id":1,"size":630539}
[2026-07-18 14:36:37] [ERROR]: Analytics request failure {"error":"Facebook Graph API Exception (Code: 100): Unsupported get request. Object with ID '122106336087392348' does not exist, cannot be loaded due to missing permissions, or does not support this operation. Please read the Graph API documentation at https://developers.facebook.com/docs/graph-api"}
[2026-07-18 14:36:38] [ERROR]: Analytics request failure {"error":"Facebook Graph API Exception (Code: 100): Unsupported get request. Object with ID '122106336087392348' does not exist, cannot be loaded due to missing permissions, or does not support this operation. Please read the Graph API documentation at https://developers.facebook.com/docs/graph-api"}
[2026-07-18 14:36:38] [ERROR]: Analytics request failure {"error":"Facebook Graph API Exception (Code: 100): Unsupported get request. Object with ID '122106336087392348' does not exist, cannot be loaded due to missing permissions, or does not support this operation. Please read the Graph API documentation at https://developers.facebook.com/docs/graph-api"}
[2026-07-18 14:36:40] [ERROR]: Failed to delete post ID 9 on facebook {"error":"Facebook Graph API Exception (Code: 100): Unsupported delete request. Object with ID '122106336087392348' does not exist, cannot be loaded due to missing permissions, or does not support this operation. Please read the Graph API documentation at https://developers.facebook.com/docs/graph-api"}
[2026-07-18 14:38:48] [ERROR]: Analytics request failure {"error":"Facebook Graph API Exception (Code: 100): (#100) The value must be a valid insights metric"}
[2026-07-18 14:38:50] [ERROR]: Analytics request failure {"error":"Facebook Graph API Exception (Code: 100): (#100) The value must be a valid insights metric"}
[2026-07-18 14:38:52] [ERROR]: Analytics request failure {"error":"Facebook Graph API Exception (Code: 100): (#100) The value must be a valid insights metric"}
[2026-07-18 14:40:15] [INFO]: Facebook Page connections successful {"client_id":1,"pages_count":1}
[2026-07-18 14:40:32] [INFO]: Facebook Page connections successful {"client_id":1,"pages_count":1}
[2026-07-18 14:48:53] [INFO]: Facebook Page connections successful {"client_id":1,"pages_count":1}
[2026-07-18 14:49:13] [INFO]: Facebook Page connections successful {"client_id":1,"pages_count":1}
[2026-07-18 14:56:07] [INFO]: OAuth Page connections successful {"client_id":1,"pages_count":1}
[2026-07-18 14:56:20] [INFO]: OAuth Page connections successful {"client_id":1,"pages_count":1}
[2026-07-18 14:58:11] [INFO]: Instagram link check response {"page_id":"1243224272200630","http_code":200,"response":"{\"id\":\"1243224272200630\"}"}
[2026-07-18 14:58:11] [INFO]: OAuth Page connections successful {"client_id":1,"pages_count":1}
[2026-07-18 15:01:17] [INFO]: Instagram link check response {"page_id":"1243224272200630","http_code":200,"response":"{\"id\":\"1243224272200630\"}"}
[2026-07-18 15:01:17] [INFO]: OAuth Page connections successful {"client_id":1,"pages_count":1}
[2026-07-18 15:02:24] [INFO]: Instagram link check response {"page_id":"1243224272200630","http_code":200,"response":"{\"id\":\"1243224272200630\"}"}
[2026-07-18 15:02:24] [INFO]: OAuth Page connections successful {"client_id":1,"pages_count":1}
[2026-07-18 15:04:56] [INFO]: Instagram link check response {"page_id":"1243224272200630","http_code":200,"response":"{\"id\":\"1243224272200630\"}"}
[2026-07-18 15:04:56] [INFO]: OAuth Page connections successful {"client_id":1,"pages_count":1}
